// Jest Snapshot v1, https://goo.gl/fbAQLP

exports[`should render not found page dashboard  1`] = `
<div>
  404-&gt;
  <Link
    replace={false}
    to="/"
  >
    Go Home 
  </Link>
</div>
`;
